+ rm -rf build-output /tmp/n07 app
+ mkdir -p build-output /tmp/n07/base /tmp/n07/download
+ OLD=https://raw.githubusercontent.com/idata251a19-debug/N07-HUB-RELEASES/tmp/android-16-0-5-idata-build-20260823
++ seq -w 0 10
+ for i in $(seq -w 0 10)
+ curl -fsSL https://raw.githubusercontent.com/idata251a19-debug/N07-HUB-RELEASES/tmp/android-16-0-5-idata-build-20260823/build/android_rc16_exact_v2/part00.txt -o /tmp/n07/download/v2_00.txt
+ for i in $(seq -w 0 10)
+ curl -fsSL https://raw.githubusercontent.com/idata251a19-debug/N07-HUB-RELEASES/tmp/android-16-0-5-idata-build-20260823/build/android_rc16_exact_v2/part01.txt -o /tmp/n07/download/v2_01.txt
+ for i in $(seq -w 0 10)
+ curl -fsSL https://raw.githubusercontent.com/idata251a19-debug/N07-HUB-RELEASES/tmp/android-16-0-5-idata-build-20260823/build/android_rc16_exact_v2/part02.txt -o /tmp/n07/download/v2_02.txt
+ for i in $(seq -w 0 10)
+ curl -fsSL https://raw.githubusercontent.com/idata251a19-debug/N07-HUB-RELEASES/tmp/android-16-0-5-idata-build-20260823/build/android_rc16_exact_v2/part03.txt -o /tmp/n07/download/v2_03.txt
+ for i in $(seq -w 0 10)
+ curl -fsSL https://raw.githubusercontent.com/idata251a19-debug/N07-HUB-RELEASES/tmp/android-16-0-5-idata-build-20260823/build/android_rc16_exact_v2/part04.txt -o /tmp/n07/download/v2_04.txt
+ for i in $(seq -w 0 10)
+ curl -fsSL https://raw.githubusercontent.com/idata251a19-debug/N07-HUB-RELEASES/tmp/android-16-0-5-idata-build-20260823/build/android_rc16_exact_v2/part05.txt -o /tmp/n07/download/v2_05.txt
+ for i in $(seq -w 0 10)
+ curl -fsSL https://raw.githubusercontent.com/idata251a19-debug/N07-HUB-RELEASES/tmp/android-16-0-5-idata-build-20260823/build/android_rc16_exact_v2/part06.txt -o /tmp/n07/download/v2_06.txt
+ for i in $(seq -w 0 10)
+ curl -fsSL https://raw.githubusercontent.com/idata251a19-debug/N07-HUB-RELEASES/tmp/android-16-0-5-idata-build-20260823/build/android_rc16_exact_v2/part07.txt -o /tmp/n07/download/v2_07.txt
+ for i in $(seq -w 0 10)
+ curl -fsSL https://raw.githubusercontent.com/idata251a19-debug/N07-HUB-RELEASES/tmp/android-16-0-5-idata-build-20260823/build/android_rc16_exact_v2/part08.txt -o /tmp/n07/download/v2_08.txt
+ for i in $(seq -w 0 10)
+ curl -fsSL https://raw.githubusercontent.com/idata251a19-debug/N07-HUB-RELEASES/tmp/android-16-0-5-idata-build-20260823/build/android_rc16_exact_v2/part09.txt -o /tmp/n07/download/v2_09.txt
+ for i in $(seq -w 0 10)
+ curl -fsSL https://raw.githubusercontent.com/idata251a19-debug/N07-HUB-RELEASES/tmp/android-16-0-5-idata-build-20260823/build/android_rc16_exact_v2/part10.txt -o /tmp/n07/download/v2_10.txt
+ for f in part11_00 part11_01 part11_02 part12_00 part12_01
+ curl -fsSL https://raw.githubusercontent.com/idata251a19-debug/N07-HUB-RELEASES/tmp/android-16-0-5-idata-build-20260823/build/android_rc16_exact_v3/part11_00.txt -o /tmp/n07/download/part11_00.txt
+ for f in part11_00 part11_01 part11_02 part12_00 part12_01
+ curl -fsSL https://raw.githubusercontent.com/idata251a19-debug/N07-HUB-RELEASES/tmp/android-16-0-5-idata-build-20260823/build/android_rc16_exact_v3/part11_01.txt -o /tmp/n07/download/part11_01.txt
+ for f in part11_00 part11_01 part11_02 part12_00 part12_01
+ curl -fsSL https://raw.githubusercontent.com/idata251a19-debug/N07-HUB-RELEASES/tmp/android-16-0-5-idata-build-20260823/build/android_rc16_exact_v3/part11_02.txt -o /tmp/n07/download/part11_02.txt
+ for f in part11_00 part11_01 part11_02 part12_00 part12_01
+ curl -fsSL https://raw.githubusercontent.com/idata251a19-debug/N07-HUB-RELEASES/tmp/android-16-0-5-idata-build-20260823/build/android_rc16_exact_v3/part12_00.txt -o /tmp/n07/download/part12_00.txt
+ for f in part11_00 part11_01 part11_02 part12_00 part12_01
+ curl -fsSL https://raw.githubusercontent.com/idata251a19-debug/N07-HUB-RELEASES/tmp/android-16-0-5-idata-build-20260823/build/android_rc16_exact_v3/part12_01.txt -o /tmp/n07/download/part12_01.txt
+ cat /tmp/n07/download/v2_00.txt /tmp/n07/download/v2_01.txt /tmp/n07/download/v2_02.txt /tmp/n07/download/v2_03.txt /tmp/n07/download/v2_04.txt /tmp/n07/download/v2_05.txt /tmp/n07/download/v2_06.txt /tmp/n07/download/v2_07.txt /tmp/n07/download/v2_08.txt /tmp/n07/download/v2_09.txt /tmp/n07/download/v2_10.txt /tmp/n07/download/part11_00.txt /tmp/n07/download/part11_01.txt /tmp/n07/download/part11_02.txt /tmp/n07/download/part12_00.txt /tmp/n07/download/part12_01.txt
+ base64 -d /tmp/n07/base.b64
+ echo '8f07eb28c3e7ef5314e2c7a647d02343b1b15c6da60b6d1976892f70ffbd90b1  /tmp/n07/base.zip'
+ sha256sum -c -
/tmp/n07/base.zip: OK
+ unzip -q /tmp/n07/base.zip -d /tmp/n07/base
+ ROOT=/tmp/n07/base/N07_HUBDNI_ANDROID_RC16_SOURCE
+ curl -fsSL https://raw.githubusercontent.com/idata251a19-debug/N07-HUB-RELEASES/tmp/android-16-0-5-idata-build-20260823/build/apk_16_0_5/core_patch_part00.txt -o /tmp/n07/core0.raw.patch
+ curl -fsSL https://raw.githubusercontent.com/idata251a19-debug/N07-HUB-RELEASES/tmp/android-16-0-5-idata-build-20260823/build/apk_16_0_5/core_patch_part01.txt -o /tmp/n07/core1.patch
++ wc -c
+ test 17003 -eq 17003
+ head -c 17000 /tmp/n07/core0.raw.patch
+ cat /tmp/n07/core0.patch /tmp/n07/core1.patch
+ echo '2517c7825b3d65240b1e7359a6c8fc63fb4bfe3225128028a205d6e410a669d1  /tmp/n07/core.patch'
+ sha256sum -c -
/tmp/n07/core.patch: OK
+ cd /tmp/n07/base/N07_HUBDNI_ANDROID_RC16_SOURCE
+ patch -p1
patching file lib/main.dart
patching file pubspec.yaml
+ curl -fsSL https://raw.githubusercontent.com/idata251a19-debug/N07-HUB-RELEASES/tmp/android-16-0-5-idata-build-20260823/build/apk_16_0_5/focus_continuous_16_0_6.patch -o /tmp/n07/focus.patch
+ echo '68c666f01ade6dd3fad7d3f571e0aef43b23f7d795d80722ff9375eb19b7837f  /tmp/n07/focus.patch'
+ sha256sum -c -
/tmp/n07/focus.patch: OK
+ cd /tmp/n07/base/N07_HUBDNI_ANDROID_RC16_SOURCE
+ patch -p1
patching file lib/main.dart
patching file pubspec.yaml
+ base64 -d build/android_16_1_1_localfirst/main_patch.gz.b64
+ gzip -d
+ base64 -d build/android_16_1_1_localfirst/local_patch.gz.b64
+ gzip -d
+ cd /tmp/n07/base/N07_HUBDNI_ANDROID_RC16_SOURCE
+ patch -p0
patching file lib/main.dart
+ cd /tmp/n07/base/N07_HUBDNI_ANDROID_RC16_SOURCE
+ patch -p0
patching file lib/local_store.dart
+ python3 -
+ echo 'dbd77f4b225c05724c91867e7d937f55e0848d53afd10536171404f73fbdc01e  build/android_16_1_1_localfirst/final_hardening.patch'
+ sha256sum -c -
build/android_16_1_1_localfirst/final_hardening.patch: OK
+ cd /tmp/n07/base/N07_HUBDNI_ANDROID_RC16_SOURCE
+ patch -p0
patching file lib/main.dart
patching file lib/local_store.dart
+ python3 -
PASS hardened source; scanner=cbfde5817cb547ee79c3d9fbe39043fb1354a1670f9ffa71da20b9aed9a128cc
+ python3 /tmp/n07/base/N07_HUBDNI_ANDROID_RC16_SOURCE/test/qa_backend_hashes_v25.py
PASS backend hashes: Code.gs=VF V25; VF/AUTO match PC v2.5
+ python3 /tmp/n07/base/N07_HUBDNI_ANDROID_RC16_SOURCE/test/qa_slot_layout_v25.py
PASS slot/layout QA: envelope=4320, VF=432, AUTO(max)=648, mapping unique
+ cd /tmp/n07/base/N07_HUBDNI_ANDROID_RC16_SOURCE/google_sheet_backend
+ node ../test/qa_backend_v25.js Code_VF_E2W_V25.gs
{"PASS":true,"backend":"Code_VF_E2W_V25.gs","importSuccess":50,"importTonSetValues":1,"importTonRows":50,"exportSuccess":50,"groupedDelete":[{"r":2,"n":50}],"historyRows":50}
+ cd /tmp/n07/base/N07_HUBDNI_ANDROID_RC16_SOURCE/google_sheet_backend
+ node ../test/qa_backend_v25.js Code_AUTO_EV_V25.gs
{"PASS":true,"backend":"Code_AUTO_EV_V25.gs","importSuccess":50,"importTonSetValues":1,"importTonRows":50,"exportSuccess":50,"groupedDelete":[{"r":2,"n":50}],"historyRows":50}
+ mkdir -p /tmp/n07/base/N07_HUBDNI_ANDROID_RC16_SOURCE/assets/background
+ cat build/android_16_1_1_localfirst/bg_exact_final/part00.txt build/android_16_1_1_localfirst/bg_exact_final/part01.txt build/android_16_1_1_localfirst/bg_exact_final/part02.txt build/android_16_1_1_localfirst/bg_exact_final/part03.txt build/android_16_1_1_localfirst/bg_exact_final/part04.txt build/android_16_1_1_localfirst/bg_exact_final/part05.txt build/android_16_1_1_localfirst/bg_exact_final/part06.txt build/android_16_1_1_localfirst/bg_exact_final/part07.txt build/android_16_1_1_localfirst/bg_exact_final/part08.txt build/android_16_1_1_localfirst/bg_exact_final/part09.txt build/android_16_1_1_localfirst/bg_exact_final/part10.txt build/android_16_1_1_localfirst/bg_exact_final/part11.txt
+ base64 -d
+ echo '96c6b8396dcf5184a682455263d7a593433f0865f8765b1e67d209f934ad4a70  /tmp/n07/base/N07_HUBDNI_ANDROID_RC16_SOURCE/assets/background/n07_background_vertical.jpg'
+ sha256sum -c -
/tmp/n07/base/N07_HUBDNI_ANDROID_RC16_SOURCE/assets/background/n07_background_vertical.jpg: OK
+ EDGE=https://adixviiotaldvxcgshyt.supabase.co/functions/v1/n07-sync-v2
+ ANON=eyJhbGciOiJIUzI1NiIsInR5cCI6IkpXVCJ9.eyJpc3MiOiJzdXBhYXNlIiwicmVmIjoiYWRpeHZpaW90YWxkdnhjZ3NoeXQiLCJyb2xlIjoiYW5vbiIsImlhdCI6MTc4NzIyMjI0MSwiZXhwIjoyMTAyNzk4MjQxfQ.1rKqUezdnRDCglDISDNvic9rkmUkDe_veuiJspR-AWk
+ TOKEN=N07-CI-1611-gpOSBmSqx18UcOmVLXYH2KaAn_jdaK9f
+ DEVICE=CI-N07-1611-24aa7acf79ca
+ curl -fsS https://adixviiotaldvxcgshyt.supabase.co/functions/v1/n07-sync-v2 -H 'apikey: eyJhbGciOiJIUzI1NiIsInR5cCI6IkpXVCJ9.eyJpc3MiOiJzdXBhYXNlIiwicmVmIjoiYWRpeHZpaW90YWxkdnhjZ3NoeXQiLCJyb2xlIjoiYW5vbiIsImlhdCI6MTc4NzIyMjI0MSwiZXhwIjoyMTAyNzk4MjQxfQ.1rKqUezdnRDCglDISDNvic9rkmUkDe_veuiJspR-AWk' -H 'content-type: application/json' --data-binary '{"action":"SYNC_PULL_ALL","sessionToken":"N07-CI-1611-gpOSBmSqx18UcOmVLXYH2KaAn_jdaK9f","deviceId":"CI-N07-1611-24aa7acf79ca","activeWarehouseId":"VF_E2W","revisions":{"VF_E2W":151},"layoutVersions":{"VF_E2W":"2026-08-23T12:44:31.80992+00:00"},"includeInventory":false,"inventoryMode":"delta"}'
+ curl -fsS https://adixviiotaldvxcgshyt.supabase.co/functions/v1/n07-sync-v2 -H 'apikey: eyJhbGciOiJIUzI1NiIsInR5cCI6IkpXVCJ9.eyJpc3MiOiJzdXBhYXNlIiwicmVmIjoiYWRpeHZpaW90YWxkdnhjZ3NoeXQiLCJyb2xlIjoiYW5vbiIsImlhdCI6MTc4NzIyMjI0MSwiZXhwIjoyMTAyNzk4MjQxfQ.1rKqUezdnRDCglDISDNvic9rkmUkDe_veuiJspR-AWk' -H 'content-type: application/json' --data-binary '{"action":"SYNC_PULL_ALL","sessionToken":"N07-CI-1611-gpOSBmSqx18UcOmVLXYH2KaAn_jdaK9f","deviceId":"CI-N07-1611-24aa7acf79ca","activeWarehouseId":"VF_E2W","revisions":{"VF_E2W":151},"layoutVersions":{"VF_E2W":"2026-08-23T12:44:31.80992+00:00"},"includeInventory":true}'
+ python3 -
+ flutter create app --platforms=android --org vn.hubdni --project-name n07_hub_v1
Creating project app...
Resolving dependencies in `app`...
Downloading packages...
Got dependencies in `app`.
Wrote 35 files.

All done!
You can find general documentation for Flutter at: https://docs.flutter.dev/
Detailed API documentation is available at: https://api.flutter.dev/
If you prefer video documentation, consider: https://www.youtube.com/c/flutterdev

In order to run your application, type:

  $ cd app
  $ flutter run

Your application code is in app/lib/main.dart.

+ cp -a /tmp/n07/base/N07_HUBDNI_ANDROID_RC16_SOURCE/. app/
+ cp app/AndroidManifest.xml app/android/app/src/main/AndroidManifest.xml
+ rm -f app/test/widget_test.dart.bak
+ python3 -
+ cd app
+ flutter pub get
Resolving dependencies...
Downloading packages...
+ cross_file 0.3.5+4
+ crypto 3.0.7
+ ffi 2.2.0
+ file 7.0.1
+ file_selector_linux 0.9.4
+ file_selector_macos 0.9.5
+ file_selector_platform_interface 2.7.0
+ file_selector_windows 0.9.3+5
+ flutter_plugin_android_lifecycle 2.0.35
+ flutter_web_plugins 0.0.0 from sdk flutter
+ http 1.6.0
+ http_parser 4.1.2
+ image_picker 1.2.3
+ image_picker_android 0.8.13+19
+ image_picker_for_web 3.1.1
+ image_picker_ios 0.8.13+6
+ image_picker_linux 0.2.2
+ image_picker_macos 0.2.2+1
+ image_picker_platform_interface 2.11.1
+ image_picker_windows 0.2.2
  material_color_utilities 0.13.0 (0.13.1 available)
  meta 1.18.3 (1.19.0 available)
+ mime 2.0.0
+ mobile_scanner 7.4.0
+ path_provider_linux 2.2.2
+ path_provider_platform_interface 2.1.3
+ path_provider_windows 2.3.0
+ platform 3.1.6
+ plugin_platform_interface 2.1.8
+ shared_preferences 2.5.5
+ shared_preferences_android 2.4.27
+ shared_preferences_foundation 2.5.6
+ shared_preferences_linux 2.4.1
+ shared_preferences_platform_interface 2.4.2
+ shared_preferences_web 2.4.3
+ shared_preferences_windows 2.4.1
+ sqflite 2.4.3
+ sqflite_android 2.4.3
+ sqflite_common 2.5.11
+ sqflite_darwin 2.4.3+1
+ sqflite_platform_interface 2.4.1
+ synchronized 3.4.1+2
  test_api 0.7.12 (0.7.13 available)
+ typed_data 1.4.0
  vector_math 2.4.0 (2.4.2 available)
+ web 1.1.1
+ xdg_directories 1.1.0
These packages are no longer being depended on:
- cupertino_icons 1.0.9
Changed 44 dependencies!
4 packages have newer versions incompatible with dependency constraints.
Try `flutter pub outdated` for more information.
Upgrading analysis_options.yaml to exclude build and platform directories.
+ flutter analyze --no-fatal-infos --no-fatal-warnings
+ tee ../build-output/analyze.txt
Analyzing app...                                                

   info • Unnecessary braces in a string interpolation. Try removing the braces • lib/main.dart:23:33 • unnecessary_brace_in_string_interps
   info • Unnecessary braces in a string interpolation. Try removing the braces • lib/main.dart:24:37 • unnecessary_brace_in_string_interps
   info • Unnecessary braces in a string interpolation. Try removing the braces • lib/main.dart:25:34 • unnecessary_brace_in_string_interps
   info • Use the null-aware marker '?' rather than a null check via an 'if'. Try using '?' • lib/main.dart:296:11 • use_null_aware_elements
warning • The value of the field '_lastSyncAttemptAt' isn't used. Try removing the field, or using it • lib/main.dart:359:38 • unused_field
warning • The value of the local variable 'data' isn't used. Try removing the variable or using it • lib/main.dart:1703:11 • unused_local_variable
warning • The value of the field '_lastRevision' isn't used. Try removing the field, or using it • lib/main.dart:2729:10 • unused_field
warning • The value of the field '_saved' isn't used. Try removing the field, or using it • lib/main.dart:7712:8 • unused_field
warning • The declaration '_saveAudit' isn't referenced. Try removing the declaration of '_saveAudit' • lib/main.dart:7864:16 • unused_element
warning • Returning a 'Future' without 'await' inside a try block. Try adding an 'await' • lib/main.dart:9280:9 • unawaited_return_in_try_block
   info • Don't use 'BuildContext's across async gaps. Try rewriting the code to not use the 'BuildContext', or guard the use with a 'mounted' check • lib/main.dart:9674:14 • use_build_context_synchronously
   info • Don't use 'BuildContext's across async gaps. Try rewriting the code to not use the 'BuildContext', or guard the use with a 'mounted' check • lib/main.dart:9678:14 • use_build_context_synchronously
   info • Don't use 'BuildContext's across async gaps. Try rewriting the code to not use the 'BuildContext', or guard the use with a 'mounted' check • lib/main.dart:10040:14 • use_build_context_synchronously

13 issues found. (ran in 8.4s)
+ grep -q valid_regexps ../build-output/analyze.txt
+ flutter build apk --release
Upgrading build.gradle.kts
Running Gradle task 'assembleRelease'...                        
WARNING: Your app uses the following plugins that apply Kotlin Gradle Plugin (KGP): mobile_scanner
Future versions of Flutter will fail to build if your app uses plugins that apply KGP.

Please check the changelogs of these plugins and upgrade to a version that supports Built-in Kotlin.
If no such version exists, report the issue to the plugin. If necessary, here is a guide on filing
an issue against a plugin: https://docs.flutter.dev/release/breaking-changes/migrate-to-built-in-kotlin/for-app-developers#report-incompatible-kotlin-gradle-plugin-usage-to-plugin-authors

If you are a plugin author, please migrate your plugin to Built-in Kotlin using this guide: https://docs.flutter.dev/release/breaking-changes/migrate-to-built-in-kotlin/for-plugin-authors
Font asset "MaterialIcons-Regular.otf" was tree-shaken, reducing it from 1645184 to 10668 bytes (99.4% reduction). Tree-shaking can be disabled by providing the --no-tree-shake-icons flag when building your app.
Caught exception: Already watching path: /home/runner/work/N07-HUB-RELEASES/N07-HUB-RELEASES/app/android
Running Gradle task 'assembleRelease'...                          316.0s
✓ Built build/app/outputs/flutter-apk/app-release.apk (71.1MB)
+ cd ..
+ APK=build-output/N07_HUBDNI_ANDROID_16_1_1_LOCAL_FIRST_DELTA.apk
+ cp app/build/app/outputs/flutter-apk/app-release.apk build-output/N07_HUBDNI_ANDROID_16_1_1_LOCAL_FIRST_DELTA.apk
+ sha256sum build-output/N07_HUBDNI_ANDROID_16_1_1_LOCAL_FIRST_DELTA.apk
+ tee build-output/apk.sha256
2cf95c3d14d4a09795cac308c742093871361e837d1ee9c8d7df877a9f792567  build-output/N07_HUBDNI_ANDROID_16_1_1_LOCAL_FIRST_DELTA.apk
++ ls -d /usr/local/lib/android/sdk/build-tools/34.0.0 /usr/local/lib/android/sdk/build-tools/35.0.0 /usr/local/lib/android/sdk/build-tools/35.0.1 /usr/local/lib/android/sdk/build-tools/36.0.0 /usr/local/lib/android/sdk/build-tools/36.1.0 /usr/local/lib/android/sdk/build-tools/37.0.0
++ sort -V
++ tail -1
+ BT=/usr/local/lib/android/sdk/build-tools/37.0.0
+ /usr/local/lib/android/sdk/build-tools/37.0.0/aapt dump badging build-output/N07_HUBDNI_ANDROID_16_1_1_LOCAL_FIRST_DELTA.apk
+ head -1
+ tee build-output/package.txt
package: name='vn.hubdni.n07_hub_v1' versionCode='51' versionName='16.1.1' platformBuildVersionName='16' platformBuildVersionCode='36' compileSdkVersion='36' compileSdkVersionCodename='16'
+ grep 'package: name='\''vn.hubdni.n07_hub_v1'\''' build-output/package.txt
package: name='vn.hubdni.n07_hub_v1' versionCode='51' versionName='16.1.1' platformBuildVersionName='16' platformBuildVersionCode='36' compileSdkVersion='36' compileSdkVersionCodename='16'
+ grep 'versionCode='\''51'\''' build-output/package.txt
package: name='vn.hubdni.n07_hub_v1' versionCode='51' versionName='16.1.1' platformBuildVersionName='16' platformBuildVersionCode='36' compileSdkVersion='36' compileSdkVersionCodename='16'
+ grep 'versionName='\''16.1.1'\''' build-output/package.txt
package: name='vn.hubdni.n07_hub_v1' versionCode='51' versionName='16.1.1' platformBuildVersionName='16' platformBuildVersionCode='36' compileSdkVersion='36' compileSdkVersionCodename='16'
+ /usr/local/lib/android/sdk/build-tools/37.0.0/apksigner verify --print-certs build-output/N07_HUBDNI_ANDROID_16_1_1_LOCAL_FIRST_DELTA.apk
+ tee build-output/signing.txt
V2 Signer: certificate DN: C=US, O=Android, CN=Android Debug
V2 Signer: certificate SHA-256 digest: 27b31e18fd61fa04ad494ad01382bb89361f3474976da03ffa39e64583f9e77e
V2 Signer: certificate SHA-1 digest: 7793b47683b1adfbb130094e05fff20ea111bfad
V2 Signer: certificate MD5 digest: 4a05fedbe800564a7e6daff69655b83f
++ sed -n 's/^Signer #1 certificate SHA-256 digest: //p' build-output/signing.txt
++ head -1
++ tr A-F a-f
+ NEW_CERT=
+ OLD_CERT=f91f087706ee2b118a00ef4e12d881a9e6e3c2c1080de39e1ab537b16069beed
+ '[' '' = f91f087706ee2b118a00ef4e12d881a9e6e3c2c1080de39e1ab537b16069beed ']'
+ echo 'UPGRADE_IN_PLACE=FAIL_CERT_MISMATCH old=f91f087706ee2b118a00ef4e12d881a9e6e3c2c1080de39e1ab537b16069beed new='
+ unzip -p build-output/N07_HUBDNI_ANDROID_16_1_1_LOCAL_FIRST_DELTA.apk assets/flutter_assets/assets/background/n07_background_vertical.jpg
+ sha256sum
+ tee build-output/apk-background.sha256
96c6b8396dcf5184a682455263d7a593433f0865f8765b1e67d209f934ad4a70  -
+ grep 96c6b8396dcf5184a682455263d7a593433f0865f8765b1e67d209f934ad4a70 build-output/apk-background.sha256
96c6b8396dcf5184a682455263d7a593433f0865f8765b1e67d209f934ad4a70  -
+ echo forcePull:true
+ grep -nE 'forcePull[[:space:]]*:[[:space:]]*true' app/lib/main.dart
+ true
+ echo '_snapshotFromSupabase('
+ grep -nF '_snapshotFromSupabase(' app/lib/main.dart
+ true
+ echo 'legacy sinceRevision:-1'
+ grep -nE 'sinceRevision['\''"]?[[:space:]]*:[[:space:]]*-1' app/lib/main.dart
+ true
+ echo 'SYNC_PULL remaining'
+ grep -nE 'SYNC_PULL(_ALL)?' app/lib/main.dart
+ echo 'syncNow callsites'
+ grep -nF 'syncNow(' app/lib/main.dart
+ echo 'retry guard'
+ grep -nF 'if (!mounted || !_appActive || _sessionExpired || _switchingWarehouse) return;' app/lib/main.dart
+ echo 'post upload'
+ grep -nE 'post_upload|markTransferAttemptsFailed|onlyUnattempted: true' app/lib/main.dart app/lib/local_store.dart
+ cp app/lib/main.dart app/lib/local_store.dart app/pubspec.yaml build-output/
+ cp build/android_16_1_1_localfirst/final_hardening.patch build-output/
+ cd /tmp/n07/base/N07_HUBDNI_ANDROID_RC16_SOURCE/..
+ zip -qr /home/runner/work/N07-HUB-RELEASES/N07-HUB-RELEASES/build-output/N07_HUBDNI_ANDROID_16_1_1_LOCAL_FIRST_SOURCE.zip N07_HUBDNI_ANDROID_RC16_SOURCE
